// Jest Snapshot v1, https://goo.gl/fbAQLP

exports[`components:App renders the App with a blank game board and nine squares 1`] = `
<StyledComponent
  forwardedClass={
    Object {
      "$$typeof": Symbol(react.forward_ref),
      "attrs": undefined,
      "componentStyle": ComponentStyle {
        "componentId": "sc-EHOje",
        "isStatic": true,
        "rules": Array [
          "
  display: grid;
  font-family: 'Verdana', sans-serif;
  grid-template-areas: 'board';
  height: 100vh;
  margin: 0;
  padding: 0;
  width: 100vw;
",
        ],
      },
      "defaultName": "StyledApp",
      "displayName": "styled.div",
      "render": [Function],
      "styledComponentId": "sc-EHOje",
      "target": "div",
      "warnTooManyClasses": [Function],
      "withComponent": [Function],
    }
  }
  forwardedRef={null}
>
  <styled.div>
    <Connect(Square)
      index={0}
      key="0"
    />
    <Connect(Square)
      index={1}
      key="1"
    />
    <Connect(Square)
      index={2}
      key="2"
    />
    <Connect(Square)
      index={3}
      key="3"
    />
    <Connect(Square)
      index={4}
      key="4"
    />
    <Connect(Square)
      index={5}
      key="5"
    />
    <Connect(Square)
      index={6}
      key="6"
    />
    <Connect(Square)
      index={7}
      key="7"
    />
    <Connect(Square)
      index={8}
      key="8"
    />
  </styled.div>
</StyledComponent>
`;
